<response>
  <result>20 * (10 + (100 / 50))</result>
  <errors>
  </errors>
</response>