<response>
  <result>
  </result>
  <errors>
    <error>Unknown operator: bla</error>
  </errors>
</response>