<response>
  <result>20 + (10 - 5)</result>
  <errors>
  </errors>
</response>