<response>
  <result>
  </result>
  <errors>
    <error>Error1</error>
    <error>Error2</error>
  </errors>
</response>